MPLINK 5.08, LINKER
Linker Map File - Created Tue Aug 24 02:00:02 2021

                                 Section Info
                  Section       Type    Address   Location Size(Bytes)
                ---------  ---------  ---------  ---------  ---------
                   .org_0       code   0x000000    program   0x000002
                   .cinit    romdata   0x000001    program   0x000004
                   .org_1       code   0x000004    program   0x00011e



                              Program Memory Usage 
                               Start         End      
                           ---------   ---------      
                            0x000000    0x000002      
                            0x000004    0x000092      
            146 out of 1094 program addresses used, program memory utilization is 13%



                              Symbols - Sorted by Name
                     Name    Address   Location    Storage File                     
                ---------  ---------  ---------  --------- ---------                
                 BIT_READ   0x00002c    program     static D:\wkdir\sub\mplabx\coin_sorter.X\mainCode.asm
             BIT_READ_END   0x00003d    program     static D:\wkdir\sub\mplabx\coin_sorter.X\mainCode.asm
                    DELAY   0x000043    program     static D:\wkdir\sub\mplabx\coin_sorter.X\mainCode.asm
                 DELAY_1S   0x00008a    program     static D:\wkdir\sub\mplabx\coin_sorter.X\mainCode.asm
                   DOUT_1   0x000028    program     static D:\wkdir\sub\mplabx\coin_sorter.X\mainCode.asm
                 INF_LOOP   0x000092    program     static D:\wkdir\sub\mplabx\coin_sorter.X\mainCode.asm
                     INIT   0x000005    program     static D:\wkdir\sub\mplabx\coin_sorter.X\mainCode.asm
                      ISR   0x000042    program     static D:\wkdir\sub\mplabx\coin_sorter.X\mainCode.asm
                     ITER   0x00002f    program     static D:\wkdir\sub\mplabx\coin_sorter.X\mainCode.asm
                     MAIN   0x00001a    program     static D:\wkdir\sub\mplabx\coin_sorter.X\mainCode.asm
              MOTOR_0_OFF   0x000062    program     static D:\wkdir\sub\mplabx\coin_sorter.X\mainCode.asm
               MOTOR_0_ON   0x00005a    program     static D:\wkdir\sub\mplabx\coin_sorter.X\mainCode.asm
        MOTOR_MINUS30_OFF   0x000072    program     static D:\wkdir\sub\mplabx\coin_sorter.X\mainCode.asm
         MOTOR_MINUS30_ON   0x00006a    program     static D:\wkdir\sub\mplabx\coin_sorter.X\mainCode.asm
         MOTOR_PLUS30_OFF   0x000082    program     static D:\wkdir\sub\mplabx\coin_sorter.X\mainCode.asm
          MOTOR_PLUS30_ON   0x00007a    program     static D:\wkdir\sub\mplabx\coin_sorter.X\mainCode.asm
         MOTOR_PLUS90_OFF   0x000052    program     static D:\wkdir\sub\mplabx\coin_sorter.X\mainCode.asm
          MOTOR_PLUS90_ON   0x00004a    program     static D:\wkdir\sub\mplabx\coin_sorter.X\mainCode.asm
        READ_SENSOR_VALUE   0x00001c    program     static D:\wkdir\sub\mplabx\coin_sorter.X\mainCode.asm
             _.org_1_0092   0x000092    program     static D:\wkdir\sub\mplabx\coin_sorter.X\mainCode.asm



                              Symbols - Sorted by Address
                     Name    Address   Location    Storage File                     
                ---------  ---------  ---------  --------- ---------                
                     INIT   0x000005    program     static D:\wkdir\sub\mplabx\coin_sorter.X\mainCode.asm
                     MAIN   0x00001a    program     static D:\wkdir\sub\mplabx\coin_sorter.X\mainCode.asm
        READ_SENSOR_VALUE   0x00001c    program     static D:\wkdir\sub\mplabx\coin_sorter.X\mainCode.asm
                   DOUT_1   0x000028    program     static D:\wkdir\sub\mplabx\coin_sorter.X\mainCode.asm
                 BIT_READ   0x00002c    program     static D:\wkdir\sub\mplabx\coin_sorter.X\mainCode.asm
                     ITER   0x00002f    program     static D:\wkdir\sub\mplabx\coin_sorter.X\mainCode.asm
             BIT_READ_END   0x00003d    program     static D:\wkdir\sub\mplabx\coin_sorter.X\mainCode.asm
                      ISR   0x000042    program     static D:\wkdir\sub\mplabx\coin_sorter.X\mainCode.asm
                    DELAY   0x000043    program     static D:\wkdir\sub\mplabx\coin_sorter.X\mainCode.asm
          MOTOR_PLUS90_ON   0x00004a    program     static D:\wkdir\sub\mplabx\coin_sorter.X\mainCode.asm
         MOTOR_PLUS90_OFF   0x000052    program     static D:\wkdir\sub\mplabx\coin_sorter.X\mainCode.asm
               MOTOR_0_ON   0x00005a    program     static D:\wkdir\sub\mplabx\coin_sorter.X\mainCode.asm
              MOTOR_0_OFF   0x000062    program     static D:\wkdir\sub\mplabx\coin_sorter.X\mainCode.asm
         MOTOR_MINUS30_ON   0x00006a    program     static D:\wkdir\sub\mplabx\coin_sorter.X\mainCode.asm
        MOTOR_MINUS30_OFF   0x000072    program     static D:\wkdir\sub\mplabx\coin_sorter.X\mainCode.asm
          MOTOR_PLUS30_ON   0x00007a    program     static D:\wkdir\sub\mplabx\coin_sorter.X\mainCode.asm
         MOTOR_PLUS30_OFF   0x000082    program     static D:\wkdir\sub\mplabx\coin_sorter.X\mainCode.asm
                 DELAY_1S   0x00008a    program     static D:\wkdir\sub\mplabx\coin_sorter.X\mainCode.asm
                 INF_LOOP   0x000092    program     static D:\wkdir\sub\mplabx\coin_sorter.X\mainCode.asm
             _.org_1_0092   0x000092    program     static D:\wkdir\sub\mplabx\coin_sorter.X\mainCode.asm


