MPLINK 5.08, LINKER
Linker Map File - Created Sat Aug 14 20:31:36 2021

                                 Section Info
                  Section       Type    Address   Location Size(Bytes)
                ---------  ---------  ---------  ---------  ---------
                   .org_0       code   0x000000    program   0x000002
                   .cinit    romdata   0x000001    program   0x000004
                   .org_1       code   0x000004    program   0x0000fc



                              Program Memory Usage 
                               Start         End      
                           ---------   ---------      
                            0x000000    0x000002      
                            0x000004    0x000081      
            129 out of 1094 program addresses used, program memory utilization is 11%



                              Symbols - Sorted by Name
                     Name    Address   Location    Storage File                     
                ---------  ---------  ---------  --------- ---------                
                    DELAY   0x000032    program     static D:\wkdir\sub\mplabx\coin_sorter.X\mainCode.asm
                 DELAY_1S   0x000079    program     static D:\wkdir\sub\mplabx\coin_sorter.X\mainCode.asm
                 INF_LOOP   0x000081    program     static D:\wkdir\sub\mplabx\coin_sorter.X\mainCode.asm
                     INIT   0x000005    program     static D:\wkdir\sub\mplabx\coin_sorter.X\mainCode.asm
                      ISR   0x000031    program     static D:\wkdir\sub\mplabx\coin_sorter.X\mainCode.asm
                     MAIN   0x000013    program     static D:\wkdir\sub\mplabx\coin_sorter.X\mainCode.asm
              MOTOR_0_OFF   0x000051    program     static D:\wkdir\sub\mplabx\coin_sorter.X\mainCode.asm
               MOTOR_0_ON   0x000049    program     static D:\wkdir\sub\mplabx\coin_sorter.X\mainCode.asm
        MOTOR_MINUS30_OFF   0x000061    program     static D:\wkdir\sub\mplabx\coin_sorter.X\mainCode.asm
         MOTOR_MINUS30_ON   0x000059    program     static D:\wkdir\sub\mplabx\coin_sorter.X\mainCode.asm
         MOTOR_PLUS30_OFF   0x000071    program     static D:\wkdir\sub\mplabx\coin_sorter.X\mainCode.asm
          MOTOR_PLUS30_ON   0x000069    program     static D:\wkdir\sub\mplabx\coin_sorter.X\mainCode.asm
         MOTOR_PLUS90_OFF   0x000041    program     static D:\wkdir\sub\mplabx\coin_sorter.X\mainCode.asm
          MOTOR_PLUS90_ON   0x000039    program     static D:\wkdir\sub\mplabx\coin_sorter.X\mainCode.asm
        READ_SENSOR_VALUE   0x000030    program     static D:\wkdir\sub\mplabx\coin_sorter.X\mainCode.asm
             _.org_1_0081   0x000081    program     static D:\wkdir\sub\mplabx\coin_sorter.X\mainCode.asm



                              Symbols - Sorted by Address
                     Name    Address   Location    Storage File                     
                ---------  ---------  ---------  --------- ---------                
                     INIT   0x000005    program     static D:\wkdir\sub\mplabx\coin_sorter.X\mainCode.asm
                     MAIN   0x000013    program     static D:\wkdir\sub\mplabx\coin_sorter.X\mainCode.asm
        READ_SENSOR_VALUE   0x000030    program     static D:\wkdir\sub\mplabx\coin_sorter.X\mainCode.asm
                      ISR   0x000031    program     static D:\wkdir\sub\mplabx\coin_sorter.X\mainCode.asm
                    DELAY   0x000032    program     static D:\wkdir\sub\mplabx\coin_sorter.X\mainCode.asm
          MOTOR_PLUS90_ON   0x000039    program     static D:\wkdir\sub\mplabx\coin_sorter.X\mainCode.asm
         MOTOR_PLUS90_OFF   0x000041    program     static D:\wkdir\sub\mplabx\coin_sorter.X\mainCode.asm
               MOTOR_0_ON   0x000049    program     static D:\wkdir\sub\mplabx\coin_sorter.X\mainCode.asm
              MOTOR_0_OFF   0x000051    program     static D:\wkdir\sub\mplabx\coin_sorter.X\mainCode.asm
         MOTOR_MINUS30_ON   0x000059    program     static D:\wkdir\sub\mplabx\coin_sorter.X\mainCode.asm
        MOTOR_MINUS30_OFF   0x000061    program     static D:\wkdir\sub\mplabx\coin_sorter.X\mainCode.asm
          MOTOR_PLUS30_ON   0x000069    program     static D:\wkdir\sub\mplabx\coin_sorter.X\mainCode.asm
         MOTOR_PLUS30_OFF   0x000071    program     static D:\wkdir\sub\mplabx\coin_sorter.X\mainCode.asm
                 DELAY_1S   0x000079    program     static D:\wkdir\sub\mplabx\coin_sorter.X\mainCode.asm
                 INF_LOOP   0x000081    program     static D:\wkdir\sub\mplabx\coin_sorter.X\mainCode.asm
             _.org_1_0081   0x000081    program     static D:\wkdir\sub\mplabx\coin_sorter.X\mainCode.asm


